Cont		PIN		1		0
Cont		LEFPIN		2		0
Cont		FILL		3		0
Cont		FILLOPC		4		0
Cont		VIA		5		0
Cont		VIAFILL		6		0
Cont		VIAFILLOPC		7		0
Metal1		NET		8		0
Metal1		SPNET		9		0
Metal1		PIN		10		0
Metal1		LEFPIN		11		0
Metal1		FILL		12		0
Metal1		FILLOPC		13		0
Metal1		VIA		14		0
Metal1		VIAFILL		15		0
Metal1		VIAFILLOPC		16		0
Metal1		LEFOBS		17		0
NAME		Metal1/NET		18		0
NAME		Metal1/SPNET		19		0
NAME		Metal1/PIN		20		0
NAME		Metal1/LEFPIN		21		0
Via1		PIN		22		0
Via1		LEFPIN		23		0
Via1		FILL		24		0
Via1		FILLOPC		25		0
Via1		VIA		26		0
Via1		VIAFILL		27		0
Via1		VIAFILLOPC		28		0
Metal2		NET		29		0
Metal2		SPNET		30		0
Metal2		PIN		31		0
Metal2		LEFPIN		32		0
Metal2		FILL		33		0
Metal2		FILLOPC		34		0
Metal2		VIA		35		0
Metal2		VIAFILL		36		0
Metal2		VIAFILLOPC		37		0
Metal2		LEFOBS		38		0
NAME		Metal2/NET		39		0
NAME		Metal2/SPNET		40		0
NAME		Metal2/PIN		41		0
NAME		Metal2/LEFPIN		42		0
Via2		PIN		43		0
Via2		LEFPIN		44		0
Via2		FILL		45		0
Via2		FILLOPC		46		0
Via2		VIA		47		0
Via2		VIAFILL		48		0
Via2		VIAFILLOPC		49		0
Metal3		NET		50		0
Metal3		SPNET		51		0
Metal3		PIN		52		0
Metal3		LEFPIN		53		0
Metal3		FILL		54		0
Metal3		FILLOPC		55		0
Metal3		VIA		56		0
Metal3		VIAFILL		57		0
Metal3		VIAFILLOPC		58		0
Metal3		LEFOBS		59		0
NAME		Metal3/NET		60		0
NAME		Metal3/SPNET		61		0
NAME		Metal3/PIN		62		0
NAME		Metal3/LEFPIN		63		0
Via3		PIN		64		0
Via3		LEFPIN		65		0
Via3		FILL		66		0
Via3		FILLOPC		67		0
Via3		VIA		68		0
Via3		VIAFILL		69		0
Via3		VIAFILLOPC		70		0
Metal4		NET		71		0
Metal4		SPNET		72		0
Metal4		PIN		73		0
Metal4		LEFPIN		74		0
Metal4		FILL		75		0
Metal4		FILLOPC		76		0
Metal4		VIA		77		0
Metal4		VIAFILL		78		0
Metal4		VIAFILLOPC		79		0
Metal4		LEFOBS		80		0
NAME		Metal4/NET		81		0
NAME		Metal4/SPNET		82		0
NAME		Metal4/PIN		83		0
NAME		Metal4/LEFPIN		84		0
Via4		PIN		85		0
Via4		LEFPIN		86		0
Via4		FILL		87		0
Via4		FILLOPC		88		0
Via4		VIA		89		0
Via4		VIAFILL		90		0
Via4		VIAFILLOPC		91		0
Metal5		NET		92		0
Metal5		SPNET		93		0
Metal5		PIN		94		0
Metal5		LEFPIN		95		0
Metal5		FILL		96		0
Metal5		FILLOPC		97		0
Metal5		VIA		98		0
Metal5		VIAFILL		99		0
Metal5		VIAFILLOPC		100		0
Metal5		LEFOBS		101		0
NAME		Metal5/NET		102		0
NAME		Metal5/SPNET		103		0
NAME		Metal5/PIN		104		0
NAME		Metal5/LEFPIN		105		0
Via5		PIN		106		0
Via5		LEFPIN		107		0
Via5		FILL		108		0
Via5		FILLOPC		109		0
Via5		VIA		110		0
Via5		VIAFILL		111		0
Via5		VIAFILLOPC		112		0
Metal6		NET		113		0
Metal6		SPNET		114		0
Metal6		PIN		115		0
Metal6		LEFPIN		116		0
Metal6		FILL		117		0
Metal6		FILLOPC		118		0
Metal6		VIA		119		0
Metal6		VIAFILL		120		0
Metal6		VIAFILLOPC		121		0
Metal6		LEFOBS		122		0
NAME		Metal6/NET		123		0
NAME		Metal6/SPNET		124		0
NAME		Metal6/PIN		125		0
NAME		Metal6/LEFPIN		126		0
Via6		PIN		127		0
Via6		LEFPIN		128		0
Via6		FILL		129		0
Via6		FILLOPC		130		0
Via6		VIA		131		0
Via6		VIAFILL		132		0
Via6		VIAFILLOPC		133		0
Metal7		NET		134		0
Metal7		SPNET		135		0
Metal7		PIN		136		0
Metal7		LEFPIN		137		0
Metal7		FILL		138		0
Metal7		FILLOPC		139		0
Metal7		VIA		140		0
Metal7		VIAFILL		141		0
Metal7		VIAFILLOPC		142		0
Metal7		LEFOBS		143		0
NAME		Metal7/NET		144		0
NAME		Metal7/SPNET		145		0
NAME		Metal7/PIN		146		0
NAME		Metal7/LEFPIN		147		0
Via7		PIN		148		0
Via7		LEFPIN		149		0
Via7		FILL		150		0
Via7		FILLOPC		151		0
Via7		VIA		152		0
Via7		VIAFILL		153		0
Via7		VIAFILLOPC		154		0
Metal8		NET		155		0
Metal8		SPNET		156		0
Metal8		PIN		157		0
Metal8		LEFPIN		158		0
Metal8		FILL		159		0
Metal8		FILLOPC		160		0
Metal8		VIA		161		0
Metal8		VIAFILL		162		0
Metal8		VIAFILLOPC		163		0
Metal8		LEFOBS		164		0
NAME		Metal8/NET		165		0
NAME		Metal8/SPNET		166		0
NAME		Metal8/PIN		167		0
NAME		Metal8/LEFPIN		168		0
Via8		PIN		169		0
Via8		LEFPIN		170		0
Via8		FILL		171		0
Via8		FILLOPC		172		0
Via8		VIA		173		0
Via8		VIAFILL		174		0
Via8		VIAFILLOPC		175		0
Metal9		NET		176		0
Metal9		SPNET		177		0
Metal9		PIN		178		0
Metal9		LEFPIN		179		0
Metal9		FILL		180		0
Metal9		FILLOPC		181		0
Metal9		VIA		182		0
Metal9		VIAFILL		183		0
Metal9		VIAFILLOPC		184		0
Metal9		LEFOBS		185		0
NAME		Metal9/NET		186		0
NAME		Metal9/SPNET		187		0
NAME		Metal9/PIN		188		0
NAME		Metal9/LEFPIN		189		0
NAME		COMP		190		0
COMP		ALL		191		0
DIEAREA		ALL		192		0
